// Jest Snapshot v1, https://goo.gl/fbAQLP

exports[`renders correctly pending todo 1`] = `
<li
  className=""
>
  <input
    className="calendarIcon"
    onChange={[Function]}
    type="datetime-local"
  />
  <div>
    <input
      checked={false}
      onChange={[Function]}
      onClick={[Function]}
      type="checkbox"
    />
    four
  </div>
  <span
    className="close"
    onClick={[Function]}
  >
    Ã—
  </span>
</li>
`;
